Archive member included to satisfy reference by file (symbol)

e:/files/gd_toolchain/risc-v embedded gcc/8.2.0-2.2-20190521-0004/bin/../lib/gcc/riscv-none-embed/8.2.0/rv32imac/ilp32\libgcc.a(divdf3.o)
                              ./Application/systick.o (__divdf3)
e:/files/gd_toolchain/risc-v embedded gcc/8.2.0-2.2-20190521-0004/bin/../lib/gcc/riscv-none-embed/8.2.0/rv32imac/ilp32\libgcc.a(ledf2.o)
                              ./Application/systick.o (__ltdf2)
e:/files/gd_toolchain/risc-v embedded gcc/8.2.0-2.2-20190521-0004/bin/../lib/gcc/riscv-none-embed/8.2.0/rv32imac/ilp32\libgcc.a(muldf3.o)
                              ./Application/systick.o (__muldf3)
e:/files/gd_toolchain/risc-v embedded gcc/8.2.0-2.2-20190521-0004/bin/../lib/gcc/riscv-none-embed/8.2.0/rv32imac/ilp32\libgcc.a(floatunsidf.o)
                              ./Application/systick.o (__floatunsidf)
e:/files/gd_toolchain/risc-v embedded gcc/8.2.0-2.2-20190521-0004/bin/../lib/gcc/riscv-none-embed/8.2.0/rv32imac/ilp32\libgcc.a(floatundidf.o)
                              ./Application/systick.o (__floatundidf)
e:/files/gd_toolchain/risc-v embedded gcc/8.2.0-2.2-20190521-0004/bin/../lib/gcc/riscv-none-embed/8.2.0/rv32imac/ilp32\libgcc.a(_clzsi2.o)
                              e:/files/gd_toolchain/risc-v embedded gcc/8.2.0-2.2-20190521-0004/bin/../lib/gcc/riscv-none-embed/8.2.0/rv32imac/ilp32\libgcc.a(divdf3.o) (__clzsi2)
e:/files/gd_toolchain/risc-v embedded gcc/8.2.0-2.2-20190521-0004/bin/../lib/gcc/riscv-none-embed/8.2.0/rv32imac/ilp32\libgcc.a(_clz.o)
                              e:/files/gd_toolchain/risc-v embedded gcc/8.2.0-2.2-20190521-0004/bin/../lib/gcc/riscv-none-embed/8.2.0/rv32imac/ilp32\libgcc.a(_clzsi2.o) (__clz_tab)
e:/files/gd_toolchain/risc-v embedded gcc/8.2.0-2.2-20190521-0004/bin/../lib/gcc/riscv-none-embed/8.2.0/../../../../riscv-none-embed/lib/rv32imac/ilp32\libg_nano.a(lib_a-atexit.o)
                              ./RISCV/env_Eclipse/start.o (atexit)
e:/files/gd_toolchain/risc-v embedded gcc/8.2.0-2.2-20190521-0004/bin/../lib/gcc/riscv-none-embed/8.2.0/../../../../riscv-none-embed/lib/rv32imac/ilp32\libg_nano.a(lib_a-exit.o)
                              ./RISCV/env_Eclipse/start.o (exit)
e:/files/gd_toolchain/risc-v embedded gcc/8.2.0-2.2-20190521-0004/bin/../lib/gcc/riscv-none-embed/8.2.0/../../../../riscv-none-embed/lib/rv32imac/ilp32\libg_nano.a(lib_a-fini.o)
                              ./RISCV/env_Eclipse/start.o (__libc_fini_array)
e:/files/gd_toolchain/risc-v embedded gcc/8.2.0-2.2-20190521-0004/bin/../lib/gcc/riscv-none-embed/8.2.0/../../../../riscv-none-embed/lib/rv32imac/ilp32\libg_nano.a(lib_a-impure.o)
                              e:/files/gd_toolchain/risc-v embedded gcc/8.2.0-2.2-20190521-0004/bin/../lib/gcc/riscv-none-embed/8.2.0/../../../../riscv-none-embed/lib/rv32imac/ilp32\libg_nano.a(lib_a-exit.o) (_global_impure_ptr)
e:/files/gd_toolchain/risc-v embedded gcc/8.2.0-2.2-20190521-0004/bin/../lib/gcc/riscv-none-embed/8.2.0/../../../../riscv-none-embed/lib/rv32imac/ilp32\libg_nano.a(lib_a-init.o)
                              ./RISCV/env_Eclipse/start.o (__libc_init_array)
e:/files/gd_toolchain/risc-v embedded gcc/8.2.0-2.2-20190521-0004/bin/../lib/gcc/riscv-none-embed/8.2.0/../../../../riscv-none-embed/lib/rv32imac/ilp32\libg_nano.a(lib_a-memcpy.o)
                              ./RISCV/stubs/_exit.o (memcpy)
e:/files/gd_toolchain/risc-v embedded gcc/8.2.0-2.2-20190521-0004/bin/../lib/gcc/riscv-none-embed/8.2.0/../../../../riscv-none-embed/lib/rv32imac/ilp32\libg_nano.a(lib_a-strlen.o)
                              ./RISCV/stubs/write.o (strlen)
e:/files/gd_toolchain/risc-v embedded gcc/8.2.0-2.2-20190521-0004/bin/../lib/gcc/riscv-none-embed/8.2.0/../../../../riscv-none-embed/lib/rv32imac/ilp32\libg_nano.a(lib_a-sysisatty.o)
                              ./RISCV/stubs/fstat.o (isatty)
e:/files/gd_toolchain/risc-v embedded gcc/8.2.0-2.2-20190521-0004/bin/../lib/gcc/riscv-none-embed/8.2.0/../../../../riscv-none-embed/lib/rv32imac/ilp32\libg_nano.a(lib_a-syswrite.o)
                              ./RISCV/stubs/_exit.o (write)
e:/files/gd_toolchain/risc-v embedded gcc/8.2.0-2.2-20190521-0004/bin/../lib/gcc/riscv-none-embed/8.2.0/../../../../riscv-none-embed/lib/rv32imac/ilp32\libg_nano.a(lib_a-writer.o)
                              e:/files/gd_toolchain/risc-v embedded gcc/8.2.0-2.2-20190521-0004/bin/../lib/gcc/riscv-none-embed/8.2.0/../../../../riscv-none-embed/lib/rv32imac/ilp32\libg_nano.a(lib_a-syswrite.o) (_write_r)
e:/files/gd_toolchain/risc-v embedded gcc/8.2.0-2.2-20190521-0004/bin/../lib/gcc/riscv-none-embed/8.2.0/../../../../riscv-none-embed/lib/rv32imac/ilp32\libg_nano.a(lib_a-__atexit.o)
                              e:/files/gd_toolchain/risc-v embedded gcc/8.2.0-2.2-20190521-0004/bin/../lib/gcc/riscv-none-embed/8.2.0/../../../../riscv-none-embed/lib/rv32imac/ilp32\libg_nano.a(lib_a-atexit.o) (__register_exitproc)
[...]
Memory Configuration

Name             Origin             Length             Attributes
flash            0x0000000008000000 0x0000000000020000 axrl !w
ram              0x0000000020000000 0x0000000000008000 axw !rl
*default*        0x0000000000000000 0xffffffffffffffff

Linker script and memory map

LOAD ./RISCV/stubs/_exit.o
LOAD ./RISCV/stubs/close.o
LOAD ./RISCV/stubs/fstat.o
LOAD ./RISCV/stubs/isatty.o
LOAD ./RISCV/stubs/lseek.o
LOAD ./RISCV/stubs/read.o
LOAD ./RISCV/stubs/sbrk.o
LOAD ./RISCV/stubs/write.o
LOAD ./RISCV/stubs/write_hex.o
LOAD ./RISCV/env_Eclipse/entry.o
LOAD ./RISCV/env_Eclipse/handlers.o
LOAD ./RISCV/env_Eclipse/init.o
LOAD ./RISCV/env_Eclipse/start.o
LOAD ./RISCV/env_Eclipse/your_printf.o
LOAD ./RISCV/drivers/n200_func.o
LOAD ./GD32VF103_Peripherals/Source/gd32vf103_adc.o
LOAD ./GD32VF103_Peripherals/Source/gd32vf103_bkp.o
LOAD ./GD32VF103_Peripherals/Source/gd32vf103_can.o
LOAD ./GD32VF103_Peripherals/Source/gd32vf103_crc.o
LOAD ./GD32VF103_Peripherals/Source/gd32vf103_dac.o
LOAD ./GD32VF103_Peripherals/Source/gd32vf103_dbg.o
LOAD ./GD32VF103_Peripherals/Source/gd32vf103_dma.o
LOAD ./GD32VF103_Peripherals/Source/gd32vf103_eclic.o
LOAD ./GD32VF103_Peripherals/Source/gd32vf103_exmc.o
LOAD ./GD32VF103_Peripherals/Source/gd32vf103_exti.o
LOAD ./GD32VF103_Peripherals/Source/gd32vf103_fmc.o
LOAD ./GD32VF103_Peripherals/Source/gd32vf103_fwdgt.o
LOAD ./GD32VF103_Peripherals/Source/gd32vf103_gpio.o
LOAD ./GD32VF103_Peripherals/Source/gd32vf103_i2c.o
LOAD ./GD32VF103_Peripherals/Source/gd32vf103_pmu.o
LOAD ./GD32VF103_Peripherals/Source/gd32vf103_rcu.o
LOAD ./GD32VF103_Peripherals/Source/gd32vf103_rtc.o
LOAD ./GD32VF103_Peripherals/Source/gd32vf103_spi.o
LOAD ./GD32VF103_Peripherals/Source/gd32vf103_timer.o
LOAD ./GD32VF103_Peripherals/Source/gd32vf103_usart.o
LOAD ./GD32VF103_Peripherals/Source/gd32vf103_wwdgt.o
LOAD ./GD32VF103_Peripherals/system_gd32vf103.o
LOAD ./GD32VF103_EVAL/gd32vf103v_eval.o
LOAD ./Application/main.o
LOAD ./Application/systick.o
LOAD e:/files/gd_toolchain/risc-v embedded gcc/8.2.0-2.2-20190521-0004/bin/../lib/gcc/riscv-none-embed/8.2.0/rv32imac/ilp32\libgcc.a
LOAD e:/files/gd_toolchain/risc-v embedded gcc/8.2.0-2.2-20190521-0004/bin/../lib/gcc/riscv-none-embed/8.2.0/../../../../riscv-none-embed/lib/rv32imac/ilp32\libg_nano.a
LOAD e:/files/gd_toolchain/risc-v embedded gcc/8.2.0-2.2-20190521-0004/bin/../lib/gcc/riscv-none-embed/8.2.0/../../../../riscv-none-embed/lib/rv32imac/ilp32\libc_nano.a
LOAD e:/files/gd_toolchain/risc-v embedded gcc/8.2.0-2.2-20190521-0004/bin/../lib/gcc/riscv-none-embed/8.2.0/rv32imac/ilp32\libgcc.a
START GROUP
LOAD e:/files/gd_toolchain/risc-v embedded gcc/8.2.0-2.2-20190521-0004/bin/../lib/gcc/riscv-none-embed/8.2.0/rv32imac/ilp32\libgcc.a
LOAD e:/files/gd_toolchain/risc-v embedded gcc/8.2.0-2.2-20190521-0004/bin/../lib/gcc/riscv-none-embed/8.2.0/../../../../riscv-none-embed/lib/rv32imac/ilp32\libc_nano.a
END GROUP
                0x0000000000000800                __stack_size = DEFINED (__stack_size)?__stack_size:0x800

.init           0x0000000008000000      0x236
 *(SORT_NONE(.init))
 .init          0x0000000008000000      0x236 ./RISCV/env_Eclipse/start.o
                0x000000000800015c                _start
                0x0000000008000228                disable_mcycle_minstret
                0x000000000800022e                enable_mcycle_minstret

.ilalign        0x0000000008000236        0x2
                0x0000000008000238                . = ALIGN (0x4)
 *fill*         0x0000000008000236        0x2 
                [!provide]                        PROVIDE (_ilm_lma = .)

.ialign         0x0000000008000238        0x0
                [!provide]                        PROVIDE (_ilm = .)

.text           0x0000000008000240     0x1842
 *(.rodata .rodata.*)
 .rodata._exit.str1.4
                0x0000000008000240       0x1f ./RISCV/stubs/_exit.o
                                         0x23 (size before relaxing)
 *fill*         0x000000000800025f        0x1 
 .rodata.write_hex.str1.4
                0x0000000008000260        0x3 ./RISCV/stubs/write_hex.o
 *fill*         0x0000000008000263        0x1 
 .rodata.handle_nmi.str1.4
                0x0000000008000264        0x5 ./RISCV/env_Eclipse/handlers.o
 *fill*         0x0000000008000269        0x3 
 .rodata.handle_trap.str1.4
                0x000000000800026c        0x8 ./RISCV/env_Eclipse/handlers.o
                                          0x6 (size before relaxing)
 *fill*         0x0000000008000274        0x4 
 .rodata.delay_1ms.cst8
                0x0000000008000278        0x8 ./Application/systick.o
 .rodata.__divdf3
                0x0000000008000280       0x40 e:/files/gd_toolchain/risc-v embedded gcc/8.2.0-2.2-20190521-0004/bin/../lib/gcc/riscv-none-embed/8.2.0/rv32imac/ilp32\libgcc.a(divdf3.o)
 .rodata.__muldf3
                0x00000000080002c0       0x40 e:/files/gd_toolchain/risc-v embedded gcc/8.2.0-2.2-20190521-0004/bin/../lib/gcc/riscv-none-embed/8.2.0/rv32imac/ilp32\libgcc.a(muldf3.o)
 .rodata.__clz_tab
                0x0000000008000300      0x100 e:/files/gd_toolchain/risc-v embedded gcc/8.2.0-2.2-20190521-0004/bin/../lib/gcc/riscv-none-embed/8.2.0/rv32imac/ilp32\libgcc.a(_clz.o)
                0x0000000008000300                __clz_tab
 *(.text.unlikely .text.unlikely.*)
 *(.text.startup .text.startup.*)
 .text.startup.main
                0x0000000008000400       0x8c ./Application/main.o
                0x0000000008000400                main
 *(.text .text.*)
 .text._exit    0x000000000800048c       0x3a ./RISCV/stubs/_exit.o
                0x000000000800048c                _exit
 .text._put_char
                0x00000000080004c6       0x30 ./RISCV/stubs/write.o
                0x00000000080004c6                _put_char
 .text._write   0x00000000080004f6       0x40 ./RISCV/stubs/write.o
                0x00000000080004f6                _write
 .text.write_hex
                0x0000000008000536       0x74 ./RISCV/stubs/write_hex.o
                0x0000000008000536                write_hex
 *fill*         0x00000000080005aa       0x16 
 .text.trap     0x00000000080005c0       0x7c ./RISCV/env_Eclipse/entry.o
                0x00000000080005c0                trap_entry
 *fill*         0x000000000800063c        0x0 
 .text.irq      0x000000000800063c       0x72 ./RISCV/env_Eclipse/entry.o
                0x000000000800063c                irq_entry
 .text.handle_nmi
                0x00000000080006ae       0x18 ./RISCV/env_Eclipse/handlers.o
                0x00000000080006ae                handle_nmi
 .text.handle_trap
                0x00000000080006c6       0x26 ./RISCV/env_Eclipse/handlers.o
                0x00000000080006c6                handle_trap
 .text._init    0x00000000080006ec       0x14 ./RISCV/env_Eclipse/init.o
                0x00000000080006ec                _init
 .text._fini    0x0000000008000700        0x2 ./RISCV/env_Eclipse/init.o
                0x0000000008000700                _fini
 .text.get_timer_value
                0x0000000008000702       0x10 ./RISCV/drivers/n200_func.o
                0x0000000008000702                get_timer_value
 .text.eclic_init
                0x0000000008000712       0x22 ./RISCV/drivers/n200_func.o
                0x0000000008000712                eclic_init
 .text.eclic_mode_enable
                0x0000000008000734       0x12 ./RISCV/drivers/n200_func.o
                0x0000000008000734                eclic_mode_enable
 .text.gpio_init
                0x0000000008000746       0xa4 ./GD32VF103_Peripherals/Source/gd32vf103_gpio.o
                0x0000000008000746                gpio_init
 .text.gpio_bit_set
                0x00000000080007ea        0x4 ./GD32VF103_Peripherals/Source/gd32vf103_gpio.o
                0x00000000080007ea                gpio_bit_set
 .text.gpio_bit_reset
                0x00000000080007ee        0x4 ./GD32VF103_Peripherals/Source/gd32vf103_gpio.o
                0x00000000080007ee                gpio_bit_reset
 .text.rcu_periph_clock_enable
                0x00000000080007f2       0x18 ./GD32VF103_Peripherals/Source/gd32vf103_rcu.o
                0x00000000080007f2                rcu_periph_clock_enable
 .text.usart_data_transmit
                0x000000000800080a        0x8 ./GD32VF103_Peripherals/Source/gd32vf103_usart.o
                0x000000000800080a                usart_data_transmit
 .text.usart_flag_get
                0x0000000008000812       0x14 ./GD32VF103_Peripherals/Source/gd32vf103_usart.o
                0x0000000008000812                usart_flag_get
 .text.SystemInit
                0x0000000008000826      0x11c ./GD32VF103_Peripherals/system_gd32vf103.o
                0x0000000008000826                SystemInit
 .text.delay_1ms
                0x0000000008000942       0x9e ./Application/systick.o
                0x0000000008000942                delay_1ms
 .text.__divdf3
                0x00000000080009e0      0x5b4 e:/files/gd_toolchain/risc-v embedded gcc/8.2.0-2.2-20190521-0004/bin/../lib/gcc/riscv-none-embed/8.2.0/rv32imac/ilp32\libgcc.a(divdf3.o)
                0x00000000080009e0                __divdf3
 .text.__ledf2  0x0000000008000f94       0xb6 e:/files/gd_toolchain/risc-v embedded gcc/8.2.0-2.2-20190521-0004/bin/../lib/gcc/riscv-none-embed/8.2.0/rv32imac/ilp32\libgcc.a(ledf2.o)
                0x0000000008000f94                __ledf2
                0x0000000008000f94                __ltdf2
 .text.__muldf3
                0x000000000800104a      0x4b0 e:/files/gd_toolchain/risc-v embedded gcc/8.2.0-2.2-20190521-0004/bin/../lib/gcc/riscv-none-embed/8.2.0/rv32imac/ilp32\libgcc.a(muldf3.o)
                0x000000000800104a                __muldf3
 .text.__floatunsidf
                0x00000000080014fa       0x66 e:/files/gd_toolchain/risc-v embedded gcc/8.2.0-2.2-20190521-0004/bin/../lib/gcc/riscv-none-embed/8.2.0/rv32imac/ilp32\libgcc.a(floatunsidf.o)
                0x00000000080014fa                __floatunsidf
 .text.__floatundidf
                0x0000000008001560      0x188 e:/files/gd_toolchain/risc-v embedded gcc/8.2.0-2.2-20190521-0004/bin/../lib/gcc/riscv-none-embed/8.2.0/rv32imac/ilp32\libgcc.a(floatundidf.o)
                0x0000000008001560                __floatundidf
 .text.__clzsi2
                0x00000000080016e8       0x76 e:/files/gd_toolchain/risc-v embedded gcc/8.2.0-2.2-20190521-0004/bin/../lib/gcc/riscv-none-embed/8.2.0/rv32imac/ilp32\libgcc.a(_clzsi2.o)
                0x00000000080016e8                __clzsi2
 .text.atexit   0x000000000800175e        0xa e:/files/gd_toolchain/risc-v embedded gcc/8.2.0-2.2-20190521-0004/bin/../lib/gcc/riscv-none-embed/8.2.0/../../../../riscv-none-embed/lib/rv32imac/ilp32\libg_nano.a(lib_a-atexit.o)
                0x000000000800175e                atexit
 .text.exit     0x0000000008001768       0x2c e:/files/gd_toolchain/risc-v embedded gcc/8.2.0-2.2-20190521-0004/bin/../lib/gcc/riscv-none-embed/8.2.0/../../../../riscv-none-embed/lib/rv32imac/ilp32\libg_nano.a(lib_a-exit.o)
                0x0000000008001768                exit
 .text.__libc_fini_array
                0x0000000008001794       0x3a e:/files/gd_toolchain/risc-v embedded gcc/8.2.0-2.2-20190521-0004/bin/../lib/gcc/riscv-none-embed/8.2.0/../../../../riscv-none-embed/lib/rv32imac/ilp32\libg_nano.a(lib_a-fini.o)
                0x0000000008001794                __libc_fini_array
 .text.__libc_init_array
                0x00000000080017ce       0x6e e:/files/gd_toolchain/risc-v embedded gcc/8.2.0-2.2-20190521-0004/bin/../lib/gcc/riscv-none-embed/8.2.0/../../../../riscv-none-embed/lib/rv32imac/ilp32\libg_nano.a(lib_a-init.o)
                0x00000000080017ce                __libc_init_array
 .text.memcpy   0x000000000800183c       0xb6 e:/files/gd_toolchain/risc-v embedded gcc/8.2.0-2.2-20190521-0004/bin/../lib/gcc/riscv-none-embed/8.2.0/../../../../riscv-none-embed/lib/rv32imac/ilp32\libg_nano.a(lib_a-memcpy.o)
                0x000000000800183c                memcpy
 .text.write    0x00000000080018f2       0x12 e:/files/gd_toolchain/risc-v embedded gcc/8.2.0-2.2-20190521-0004/bin/../lib/gcc/riscv-none-embed/8.2.0/../../../../riscv-none-embed/lib/rv32imac/ilp32\libg_nano.a(lib_a-syswrite.o)
                0x00000000080018f2                write
 .text._write_r
                0x0000000008001904       0x2e e:/files/gd_toolchain/risc-v embedded gcc/8.2.0-2.2-20190521-0004/bin/../lib/gcc/riscv-none-embed/8.2.0/../../../../riscv-none-embed/lib/rv32imac/ilp32\libg_nano.a(lib_a-writer.o)
                0x0000000008001904                _write_r
 .text.__register_exitproc
                0x0000000008001932       0x88 e:/files/gd_toolchain/risc-v embedded gcc/8.2.0-2.2-20190521-0004/bin/../lib/gcc/riscv-none-embed/8.2.0/../../../../riscv-none-embed/lib/rv32imac/ilp32\libg_nano.a(lib_a-__atexit.o)
                0x0000000008001932                __register_exitproc
 .text.__call_exitprocs
                0x00000000080019ba       0xc8 e:/files/gd_toolchain/risc-v embedded gcc/8.2.0-2.2-20190521-0004/bin/../lib/gcc/riscv-none-embed/8.2.0/../../../../riscv-none-embed/lib/rv32imac/ilp32\libg_nano.a(lib_a-__call_atexit.o)
                0x00000000080019ba                __call_exitprocs
 *(.gnu.linkonce.t.*)

.sdata2._global_impure_ptr
                0x0000000008001a84        0x4
 .sdata2._global_impure_ptr
                0x0000000008001a84        0x4 e:/files/gd_toolchain/risc-v embedded gcc/8.2.0-2.2-20190521-0004/bin/../lib/gcc/riscv-none-embed/8.2.0/../../../../riscv-none-embed/lib/rv32imac/ilp32\libg_nano.a(lib_a-impure.o)
                0x0000000008001a84                _global_impure_ptr

.rela.dyn       0x0000000008001a88        0x0
 .rela.text._write
                0x0000000008001a88        0x0 ./RISCV/stubs/_exit.o
 .rela.text.trap
                0x0000000008001a88        0x0 ./RISCV/stubs/_exit.o
 .rela.text.handle_trap
                0x0000000008001a88        0x0 ./RISCV/stubs/_exit.o
 .rela.init     0x0000000008001a88        0x0 ./RISCV/stubs/_exit.o
 .rela.text.__libc_fini_array
                0x0000000008001a88        0x0 ./RISCV/stubs/_exit.o
 .rela.data.impure_data
                0x0000000008001a88        0x0 ./RISCV/stubs/_exit.o
 .rela.text.__libc_init_array
                0x0000000008001a88        0x0 ./RISCV/stubs/_exit.o
 .rela.text._write_r
                0x0000000008001a88        0x0 ./RISCV/stubs/_exit.o
 .rela.text.__register_exitproc
                0x0000000008001a88        0x0 ./RISCV/stubs/_exit.o

.fini
 *(SORT_NONE(.fini))
                0x0000000008001a88                . = ALIGN (0x4)
                [!provide]                        PROVIDE (__etext = .)
                [!provide]                        PROVIDE (_etext = .)
                [!provide]                        PROVIDE (etext = .)
                [!provide]                        PROVIDE (_eilm = .)

.preinit_array  0x0000000008001a88        0x0
                0x0000000008001a88                PROVIDE (__preinit_array_start = .)
 *(.preinit_array)
                0x0000000008001a88                PROVIDE (__preinit_array_end = .)

.init_array     0x0000000008001a88        0x0
                0x0000000008001a88                PROVIDE (__init_array_start = .)
 *(SORT_BY_INIT_PRIORITY(.init_array.*) SORT_BY_INIT_PRIORITY(.ctors.*))
 *(.init_array EXCLUDE_FILE(*crtend?.o *crtend.o *crtbegin?.o *crtbegin.o) .ctors)
                0x0000000008001a88                PROVIDE (__init_array_end = .)

.fini_array     0x0000000008001a88        0x0
                0x0000000008001a88                PROVIDE (__fini_array_start = .)
 *(SORT_BY_INIT_PRIORITY(.fini_array.*) SORT_BY_INIT_PRIORITY(.dtors.*))
 *(.fini_array EXCLUDE_FILE(*crtend?.o *crtend.o *crtbegin?.o *crtbegin.o) .dtors)
                0x0000000008001a88                PROVIDE (__fini_array_end = .)

.ctors
 *crtbegin.o(.ctors)
 *crtbegin?.o(.ctors)
 *(EXCLUDE_FILE(*crtend?.o *crtend.o) .ctors)
 *(SORT_BY_NAME(.ctors.*))
 *(.ctors)

.dtors
 *crtbegin.o(.dtors)
 *crtbegin?.o(.dtors)
 *(EXCLUDE_FILE(*crtend?.o *crtend.o) .dtors)
 *(SORT_BY_NAME(.dtors.*))
 *(.dtors)
                0x0000000008001a88                . = ALIGN (0x4)
                [!provide]                        PROVIDE (_eilm = .)

.lalign         0x0000000008001a88        0x0
                0x0000000008001a88                . = ALIGN (0x4)
                0x0000000008001a88                PROVIDE (_data_lma = .)

.dalign         0x0000000020000000        0x0 load address 0x0000000008001a88
                0x0000000020000000                . = ALIGN (0x4)
                0x0000000020000000                PROVIDE (_data = .)

.data           0x0000000020000000       0x68 load address 0x0000000008001a88
 *(.rdata)
 *(.gnu.linkonce.r.*)
 *(.data .data.*)
 .data.impure_data
                0x0000000020000000       0x60 e:/files/gd_toolchain/risc-v embedded gcc/8.2.0-2.2-20190521-0004/bin/../lib/gcc/riscv-none-embed/8.2.0/../../../../riscv-none-embed/lib/rv32imac/ilp32\libg_nano.a(lib_a-impure.o)
 *(.gnu.linkonce.d.*)
                0x0000000020000060                . = ALIGN (0x8)
                0x0000000020000860                PROVIDE (__global_pointer$ = (. + 0x800))
 *(.sdata .sdata.*)
 .sdata.SystemCoreClock
                0x0000000020000060        0x4 ./GD32VF103_Peripherals/system_gd32vf103.o
                0x0000000020000060                SystemCoreClock
 .sdata._impure_ptr
                0x0000000020000064        0x4 e:/files/gd_toolchain/risc-v embedded gcc/8.2.0-2.2-20190521-0004/bin/../lib/gcc/riscv-none-embed/8.2.0/../../../../riscv-none-embed/lib/rv32imac/ilp32\libg_nano.a(lib_a-impure.o)
                0x0000000020000064                _impure_ptr
 *(.gnu.linkonce.s.*)
                0x0000000020000068                . = ALIGN (0x8)
 *(.srodata.cst16)
 *(.srodata.cst8)
 *(.srodata.cst4)
 *(.srodata.cst2)
 *(.srodata .srodata.*)
                0x0000000020000068                . = ALIGN (0x4)
                0x0000000020000068                PROVIDE (_edata = .)
                [!provide]                        PROVIDE (edata = .)
                [!provide]                        PROVIDE (_fbss = .)
                0x0000000020000068                PROVIDE (__bss_start = .)

.bss            0x0000000020000068       0x94
 *(.sbss*)
 .sbss._global_atexit
                0x0000000020000068        0x4 e:/files/gd_toolchain/risc-v embedded gcc/8.2.0-2.2-20190521-0004/bin/../lib/gcc/riscv-none-embed/8.2.0/../../../../riscv-none-embed/lib/rv32imac/ilp32\libg_nano.a(lib_a-__call_atexit.o)
                0x0000000020000068                _global_atexit
 *(.gnu.linkonce.sb.*)
 *(.bss .bss.*)
 .bss._global_atexit0
                0x000000002000006c       0x8c e:/files/gd_toolchain/risc-v embedded gcc/8.2.0-2.2-20190521-0004/bin/../lib/gcc/riscv-none-embed/8.2.0/../../../../riscv-none-embed/lib/rv32imac/ilp32\libg_nano.a(lib_a-__atexit.o)
 *(.gnu.linkonce.b.*)
 *(COMMON)
 COMMON         0x00000000200000f8        0x4 e:/files/gd_toolchain/risc-v embedded gcc/8.2.0-2.2-20190521-0004/bin/../lib/gcc/riscv-none-embed/8.2.0/../../../../riscv-none-embed/lib/rv32imac/ilp32\libg_nano.a(lib_a-reent.o)
                0x00000000200000f8                errno
                0x00000000200000fc                . = ALIGN (0x4)
                0x0000000020000100                . = ALIGN (0x8)
                0x0000000020000100                PROVIDE (_end = .)
                [!provide]                        PROVIDE (end = .)

.stack          0x0000000020007800      0x800 load address 0x00000000200000fc
                0x0000000020007800                PROVIDE (_heap_end = .)
                0x0000000000000800                . = __stack_size
 *fill*         0x0000000020007800      0x800 
                0x0000000020008000                PROVIDE (_sp = .)
OUTPUT(GD32VF103V_EVAL.elf elf32-littleriscv)

.debug_info     0x0000000000000000     0x6da1
 .debug_info    0x0000000000000000      0x1b7 ./RISCV/stubs/_exit.o
 .debug_info    0x00000000000001b7      0xbd0 ./RISCV/stubs/write.o
 .debug_info    0x0000000000000d87      0x1a4 ./RISCV/stubs/write_hex.o
 .debug_info    0x0000000000000f2b       0x22 ./RISCV/env_Eclipse/entry.o
 .debug_info    0x0000000000000f4d      0xa5e ./RISCV/env_Eclipse/handlers.o
 .debug_info    0x00000000000019ab      0xbba ./RISCV/env_Eclipse/init.o
 .debug_info    0x0000000000002565       0x26 ./RISCV/env_Eclipse/start.o
 .debug_info    0x000000000000258b     0x1713 ./RISCV/drivers/n200_func.o
 .debug_info    0x0000000000003c9e      0x6ad ./GD32VF103_Peripherals/Source/gd32vf103_gpio.o
 .debug_info    0x000000000000434b      0xeab ./GD32VF103_Peripherals/Source/gd32vf103_rcu.o
 .debug_info    0x00000000000051f6      0xc1b ./GD32VF103_Peripherals/Source/gd32vf103_usart.o
 .debug_info    0x0000000000005e11      0x1f3 ./GD32VF103_Peripherals/system_gd32vf103.o
 .debug_info    0x0000000000006004      0xc74 ./Application/main.o
 .debug_info    0x0000000000006c78      0x129 ./Application/systick.o

.debug_abbrev   0x0000000000000000     0x185d
 .debug_abbrev  0x0000000000000000       0xe8 ./RISCV/stubs/_exit.o
 .debug_abbrev  0x00000000000000e8      0x2b9 ./RISCV/stubs/write.o
 .debug_abbrev  0x00000000000003a1       0xf7 ./RISCV/stubs/write_hex.o
 .debug_abbrev  0x0000000000000498       0x12 ./RISCV/env_Eclipse/entry.o
 .debug_abbrev  0x00000000000004aa      0x253 ./RISCV/env_Eclipse/handlers.o
 .debug_abbrev  0x00000000000006fd      0x24a ./RISCV/env_Eclipse/init.o
 .debug_abbrev  0x0000000000000947       0x14 ./RISCV/env_Eclipse/start.o
 .debug_abbrev  0x000000000000095b      0x517 ./RISCV/drivers/n200_func.o
 .debug_abbrev  0x0000000000000e72      0x212 ./GD32VF103_Peripherals/Source/gd32vf103_gpio.o
 .debug_abbrev  0x0000000000001084      0x225 ./GD32VF103_Peripherals/Source/gd32vf103_rcu.o
 .debug_abbrev  0x00000000000012a9      0x1d5 ./GD32VF103_Peripherals/Source/gd32vf103_usart.o
 .debug_abbrev  0x000000000000147e       0xde ./GD32VF103_Peripherals/system_gd32vf103.o
 .debug_abbrev  0x000000000000155c      0x239 ./Application/main.o
 .debug_abbrev  0x0000000000001795       0xc8 ./Application/systick.o

.debug_loc      0x0000000000000000     0x24c7
 .debug_loc     0x0000000000000000       0x1e ./RISCV/stubs/_exit.o
 .debug_loc     0x000000000000001e      0x150 ./RISCV/stubs/write.o
 .debug_loc     0x000000000000016e       0xc9 ./RISCV/stubs/write_hex.o
 .debug_loc     0x0000000000000237       0x3f ./RISCV/env_Eclipse/handlers.o
 .debug_loc     0x0000000000000276      0x8e9 ./RISCV/drivers/n200_func.o
 .debug_loc     0x0000000000000b5f      0x43e ./GD32VF103_Peripherals/Source/gd32vf103_gpio.o
 .debug_loc     0x0000000000000f9d      0xc58 ./GD32VF103_Peripherals/Source/gd32vf103_rcu.o
 .debug_loc     0x0000000000001bf5      0x703 ./GD32VF103_Peripherals/Source/gd32vf103_usart.o
 .debug_loc     0x00000000000022f8      0x173 ./GD32VF103_Peripherals/system_gd32vf103.o
 .debug_loc     0x000000000000246b       0x5c ./Application/systick.o

.debug_aranges  0x0000000000000000      0x620
 .debug_aranges
                0x0000000000000000       0x20 ./RISCV/stubs/_exit.o
 .debug_aranges
                0x0000000000000020       0x30 ./RISCV/stubs/write.o
 .debug_aranges
                0x0000000000000050       0x20 ./RISCV/stubs/write_hex.o
 .debug_aranges
                0x0000000000000070       0x28 ./RISCV/env_Eclipse/entry.o
 .debug_aranges
                0x0000000000000098       0x28 ./RISCV/env_Eclipse/handlers.o
 .debug_aranges
                0x00000000000000c0       0x28 ./RISCV/env_Eclipse/init.o
 .debug_aranges
                0x00000000000000e8       0x20 ./RISCV/env_Eclipse/start.o
 .debug_aranges
                0x0000000000000108      0x140 ./RISCV/drivers/n200_func.o
 .debug_aranges
                0x0000000000000248       0xa0 ./GD32VF103_Peripherals/Source/gd32vf103_gpio.o
 .debug_aranges
                0x00000000000002e8      0x160 ./GD32VF103_Peripherals/Source/gd32vf103_rcu.o
 .debug_aranges
                0x0000000000000448      0x170 ./GD32VF103_Peripherals/Source/gd32vf103_usart.o
 .debug_aranges
                0x00000000000005b8       0x28 ./GD32VF103_Peripherals/system_gd32vf103.o
 .debug_aranges
                0x00000000000005e0       0x20 ./Application/main.o
 .debug_aranges
                0x0000000000000600       0x20 ./Application/systick.o

.debug_ranges   0x0000000000000000      0x688
 .debug_ranges  0x0000000000000000       0x10 ./RISCV/stubs/_exit.o
 .debug_ranges  0x0000000000000010       0x40 ./RISCV/stubs/write.o
 .debug_ranges  0x0000000000000050       0x30 ./RISCV/stubs/write_hex.o
 .debug_ranges  0x0000000000000080       0x20 ./RISCV/env_Eclipse/entry.o
 .debug_ranges  0x00000000000000a0       0x18 ./RISCV/env_Eclipse/handlers.o
 .debug_ranges  0x00000000000000b8       0x18 ./RISCV/env_Eclipse/init.o
 .debug_ranges  0x00000000000000d0      0x240 ./RISCV/drivers/n200_func.o
 .debug_ranges  0x0000000000000310       0x90 ./GD32VF103_Peripherals/Source/gd32vf103_gpio.o
 .debug_ranges  0x00000000000003a0      0x150 ./GD32VF103_Peripherals/Source/gd32vf103_rcu.o
 .debug_ranges  0x00000000000004f0      0x160 ./GD32VF103_Peripherals/Source/gd32vf103_usart.o
 .debug_ranges  0x0000000000000650       0x18 ./GD32VF103_Peripherals/system_gd32vf103.o
 .debug_ranges  0x0000000000000668       0x10 ./Application/main.o
 .debug_ranges  0x0000000000000678       0x10 ./Application/systick.o

.debug_line     0x0000000000000000     0x633d
 .debug_line    0x0000000000000000      0x1a3 ./RISCV/stubs/_exit.o
 .debug_line    0x00000000000001a3      0x4ee ./RISCV/stubs/write.o
 .debug_line    0x0000000000000691      0x2a0 ./RISCV/stubs/write_hex.o
 .debug_line    0x0000000000000931      0x13c ./RISCV/env_Eclipse/entry.o
 .debug_line    0x0000000000000a6d      0x2cc ./RISCV/env_Eclipse/handlers.o
 .debug_line    0x0000000000000d39      0x341 ./RISCV/env_Eclipse/init.o
 .debug_line    0x000000000000107a      0x1da ./RISCV/env_Eclipse/start.o
 .debug_line    0x0000000000001254     0x133d ./RISCV/drivers/n200_func.o
 .debug_line    0x0000000000002591      0xb9f ./GD32VF103_Peripherals/Source/gd32vf103_gpio.o
 .debug_line    0x0000000000003130     0x157b ./GD32VF103_Peripherals/Source/gd32vf103_rcu.o
 .debug_line    0x00000000000046ab      0xe5f ./GD32VF103_Peripherals/Source/gd32vf103_usart.o
 .debug_line    0x000000000000550a      0x704 ./GD32VF103_Peripherals/system_gd32vf103.o
 .debug_line    0x0000000000005c0e      0x3e8 ./Application/main.o
 .debug_line    0x0000000000005ff6      0x347 ./Application/systick.o

.debug_str      0x0000000000000000     0x28ce
 .debug_str     0x0000000000000000      0x26d ./RISCV/stubs/_exit.o
                                        0x2ba (size before relaxing)
 .debug_str     0x000000000000026d      0x564 ./RISCV/stubs/write.o
                                        0x7ad (size before relaxing)
 .debug_str     0x00000000000007d1       0x8e ./RISCV/stubs/write_hex.o
                                        0x2b3 (size before relaxing)
 .debug_str     0x000000000000085f       0x8e ./RISCV/env_Eclipse/entry.o
                                        0x128 (size before relaxing)
 .debug_str     0x00000000000008ed       0xaf ./RISCV/env_Eclipse/handlers.o
                                        0x6ad (size before relaxing)
 .debug_str     0x000000000000099c      0x466 ./RISCV/env_Eclipse/init.o
                                        0xa7d (size before relaxing)
 .debug_str     0x0000000000000e02       0x82 ./RISCV/env_Eclipse/start.o
                                        0x128 (size before relaxing)
 .debug_str     0x0000000000000e84      0x3c4 ./RISCV/drivers/n200_func.o
                                        0xa54 (size before relaxing)
 .debug_str     0x0000000000001248      0x44d ./GD32VF103_Peripherals/Source/gd32vf103_gpio.o
                                        0x679 (size before relaxing)
 .debug_str     0x0000000000001695      0xade ./GD32VF103_Peripherals/Source/gd32vf103_rcu.o
                                        0xef8 (size before relaxing)
 .debug_str     0x0000000000002173      0x53d ./GD32VF103_Peripherals/Source/gd32vf103_usart.o
                                        0xa39 (size before relaxing)
 .debug_str     0x00000000000026b0       0xf2 ./GD32VF103_Peripherals/system_gd32vf103.o
                                        0x34b (size before relaxing)
 .debug_str     0x00000000000027a2       0x9c ./Application/main.o
                                        0x82f (size before relaxing)
 .debug_str     0x000000000000283e       0x90 ./Application/systick.o
                                        0x2d1 (size before relaxing)

.comment        0x0000000000000000       0x39
 .comment       0x0000000000000000       0x39 ./RISCV/stubs/_exit.o
                                         0x3a (size before relaxing)
 .comment       0x0000000000000039       0x3a ./RISCV/stubs/write.o
 .comment       0x0000000000000039       0x3a ./RISCV/stubs/write_hex.o
 .comment       0x0000000000000039       0x3a ./RISCV/env_Eclipse/handlers.o
 .comment       0x0000000000000039       0x3a ./RISCV/env_Eclipse/init.o
 .comment       0x0000000000000039       0x3a ./RISCV/drivers/n200_func.o
 .comment       0x0000000000000039       0x3a ./GD32VF103_Peripherals/Source/gd32vf103_gpio.o
 .comment       0x0000000000000039       0x3a ./GD32VF103_Peripherals/Source/gd32vf103_rcu.o
 .comment       0x0000000000000039       0x3a ./GD32VF103_Peripherals/Source/gd32vf103_usart.o
 .comment       0x0000000000000039       0x3a ./GD32VF103_Peripherals/system_gd32vf103.o
 .comment       0x0000000000000039       0x3a ./Application/main.o
 .comment       0x0000000000000039       0x3a ./Application/systick.o

.debug_frame    0x0000000000000000      0xf80
 .debug_frame   0x0000000000000000       0x2c ./RISCV/stubs/_exit.o
 .debug_frame   0x000000000000002c       0x84 ./RISCV/stubs/write.o
 .debug_frame   0x00000000000000b0       0x48 ./RISCV/stubs/write_hex.o
 .debug_frame   0x00000000000000f8       0x40 ./RISCV/env_Eclipse/handlers.o
 .debug_frame   0x0000000000000138       0x3c ./RISCV/env_Eclipse/init.o
 .debug_frame   0x0000000000000174      0x2d0 ./RISCV/drivers/n200_func.o
 .debug_frame   0x0000000000000444      0x144 ./GD32VF103_Peripherals/Source/gd32vf103_gpio.o
 .debug_frame   0x0000000000000588      0x2e4 ./GD32VF103_Peripherals/Source/gd32vf103_rcu.o
 .debug_frame   0x000000000000086c      0x2ec ./GD32VF103_Peripherals/Source/gd32vf103_usart.o
 .debug_frame   0x0000000000000b58       0x30 ./GD32VF103_Peripherals/system_gd32vf103.o
 .debug_frame   0x0000000000000b88       0x28 ./Application/main.o
 .debug_frame   0x0000000000000bb0       0x54 ./Application/systick.o
 .debug_frame   0x0000000000000c04       0x50 e:/files/gd_toolchain/risc-v embedded gcc/8.2.0-2.2-20190521-0004/bin/../lib/gcc/riscv-none-embed/8.2.0/rv32imac/ilp32\libgcc.a(divdf3.o)
 .debug_frame   0x0000000000000c54       0x20 e:/files/gd_toolchain/risc-v embedded gcc/8.2.0-2.2-20190521-0004/bin/../lib/gcc/riscv-none-embed/8.2.0/rv32imac/ilp32\libgcc.a(ledf2.o)
 .debug_frame   0x0000000000000c74       0x54 e:/files/gd_toolchain/risc-v embedded gcc/8.2.0-2.2-20190521-0004/bin/../lib/gcc/riscv-none-embed/8.2.0/rv32imac/ilp32\libgcc.a(muldf3.o)
 .debug_frame   0x0000000000000cc8       0x38 e:/files/gd_toolchain/risc-v embedded gcc/8.2.0-2.2-20190521-0004/bin/../lib/gcc/riscv-none-embed/8.2.0/rv32imac/ilp32\libgcc.a(floatunsidf.o)
 .debug_frame   0x0000000000000d00       0x50 e:/files/gd_toolchain/risc-v embedded gcc/8.2.0-2.2-20190521-0004/bin/../lib/gcc/riscv-none-embed/8.2.0/rv32imac/ilp32\libgcc.a(floatundidf.o)
 .debug_frame   0x0000000000000d50       0x20 e:/files/gd_toolchain/risc-v embedded gcc/8.2.0-2.2-20190521-0004/bin/../lib/gcc/riscv-none-embed/8.2.0/rv32imac/ilp32\libgcc.a(_clzsi2.o)
 .debug_frame   0x0000000000000d70       0x20 e:/files/gd_toolchain/risc-v embedded gcc/8.2.0-2.2-20190521-0004/bin/../lib/gcc/riscv-none-embed/8.2.0/../../../../riscv-none-embed/lib/rv32imac/ilp32\libg_nano.a(lib_a-atexit.o)
 .debug_frame   0x0000000000000d90       0x28 e:/files/gd_toolchain/risc-v embedded gcc/8.2.0-2.2-20190521-0004/bin/../lib/gcc/riscv-none-embed/8.2.0/../../../../riscv-none-embed/lib/rv32imac/ilp32\libg_nano.a(lib_a-exit.o)
 .debug_frame   0x0000000000000db8       0x38 e:/files/gd_toolchain/risc-v embedded gcc/8.2.0-2.2-20190521-0004/bin/../lib/gcc/riscv-none-embed/8.2.0/../../../../riscv-none-embed/lib/rv32imac/ilp32\libg_nano.a(lib_a-fini.o)
 .debug_frame   0x0000000000000df0       0x3c e:/files/gd_toolchain/risc-v embedded gcc/8.2.0-2.2-20190521-0004/bin/../lib/gcc/riscv-none-embed/8.2.0/../../../../riscv-none-embed/lib/rv32imac/ilp32\libg_nano.a(lib_a-init.o)
 .debug_frame   0x0000000000000e2c       0x20 e:/files/gd_toolchain/risc-v embedded gcc/8.2.0-2.2-20190521-0004/bin/../lib/gcc/riscv-none-embed/8.2.0/../../../../riscv-none-embed/lib/rv32imac/ilp32\libg_nano.a(lib_a-memcpy.o)
 .debug_frame   0x0000000000000e4c       0x20 e:/files/gd_toolchain/risc-v embedded gcc/8.2.0-2.2-20190521-0004/bin/../lib/gcc/riscv-none-embed/8.2.0/../../../../riscv-none-embed/lib/rv32imac/ilp32\libg_nano.a(lib_a-syswrite.o)
 .debug_frame   0x0000000000000e6c       0x30 e:/files/gd_toolchain/risc-v embedded gcc/8.2.0-2.2-20190521-0004/bin/../lib/gcc/riscv-none-embed/8.2.0/../../../../riscv-none-embed/lib/rv32imac/ilp32\libg_nano.a(lib_a-writer.o)
 .debug_frame   0x0000000000000e9c       0x20 e:/files/gd_toolchain/risc-v embedded gcc/8.2.0-2.2-20190521-0004/bin/../lib/gcc/riscv-none-embed/8.2.0/../../../../riscv-none-embed/lib/rv32imac/ilp32\libg_nano.a(lib_a-__atexit.o)
 .debug_frame   0x0000000000000ebc       0x54 e:/files/gd_toolchain/risc-v embedded gcc/8.2.0-2.2-20190521-0004/bin/../lib/gcc/riscv-none-embed/8.2.0/../../../../riscv-none-embed/lib/rv32imac/ilp32\libg_nano.a(lib_a-__call_atexit.o)
 .debug_frame   0x0000000000000f10       0x70 e:/files/gd_toolchain/risc-v embedded gcc/8.2.0-2.2-20190521-0004/bin/../lib/gcc/riscv-none-embed/8.2.0/../../../../riscv-none-embed/lib/rv32imac/ilp32\libg_nano.a(lib_a-reent.o)
